loading…
cycles=52357

safety         | mean OOS | under | over | ups | broken→ | buys@90→ | empty→
----------------------------------------------------------------------------------------------------
gap080         |  12792.9 | 0.248 | 0.448 |  250 |  2.40M( 80.0%) |  2.40M( 80.0%) |  2.40M( 80.0%)
  old early stop 80%
p10            |  12514.5 | 0.231 | 0.456 |  265 |  3.00M(100.0%) |  2.70M( 90.0%) |  3.00M(100.0%)
  safety = p10 (proposed)
p10_95         |  12523.3 | 0.231 | 0.456 |  264 |  2.80M( 93.3%) |  2.70M( 90.0%) |  2.80M( 93.3%)
  safety = 0.95*p10
p10_105        |  12511.6 | 0.236 | 0.450 |  275 |  3.10M(103.3%) |  2.70M( 90.0%) |  3.10M(103.3%)
  safety = 1.05*p10
p10_plus_nac   |  12647.4 | 0.222 | 0.495 |  295 |  3.20M(106.7%) |  2.70M( 90.0%) |  3.20M(106.7%)
  safety = p10+nac
none           |  12697.7 | 0.221 | 0.509 |  361 |  3.40M(113.3%) |  2.70M( 90.0%) |  4.40M(146.7%)
  NO safety — only stop on buys

=== vs safety=p10 ===
  gap080          12792.9M (+2.22%)  broken_cap=80.0%  early_buy_stop=80.0%
  p10             12514.5M (+0.00%)  broken_cap=100.0%  early_buy_stop=90.0%
  p10_95          12523.3M (+0.07%)  broken_cap=93.3%  early_buy_stop=90.0%
  p10_105         12511.6M (-0.02%)  broken_cap=103.3%  early_buy_stop=90.0%
  p10_plus_nac    12647.4M (+1.06%)  broken_cap=106.7%  early_buy_stop=90.0%
  none            12697.7M (+1.46%)  broken_cap=113.3%  early_buy_stop=90.0%

=== Is p10 a good safety? ===
  If bots broken (no buys ever): p10 stops at 100.0% mkt; none goes to 113.3% (runaway).
  If buys appear at 90% mkt: p10 stops at 90.0% (buy-stop works before safety).
  OOS: p10=12514.5M over=0.456; p10+nac=12647.4M over=0.495; none=12697.7M over=0.509.
  p10+nac: higher over in OOS — worse safety for 'other reasons'.
  1.05*p10 ≈ p10 on OOS; little gain, more room to overshoot if broken.
Wrote /tmp/v9_buy_stop_safety.json
