=== v9 research start ===

[1] Observational policy comparison (live logs)
  stock_corridor_v4            p/h= 199.31M  profit=  8938.3M  h=  44.8 up%= 10.8 fwd3= 6.08 fill=0.232
  stock_corridor_v3            p/h= 189.69M  profit= 10340.4M  h=  54.5 up%= 12.7 fwd3= 6.01 fill=0.299
  stock_corridor_v6            p/h= 177.06M  profit= 17756.3M  h= 100.3 up%=  5.8 fwd3= 8.10 fill=0.331
  stock_corridor_v1            p/h=  99.64M  profit=  6880.7M  h=  69.1 up%= 24.9 fwd3= 3.52 fill=0.272
  stock_corridor_v8b           p/h=  68.86M  profit= 24163.5M  h= 350.9 up%= 17.0 fwd3= 2.67 fill=0.174
  stock_corridor_v8            p/h=  46.98M  profit= 21416.6M  h= 455.8 up%= 17.7 fwd3= 2.26 fill=0.164
  stock_corridor_v8x           p/h=  10.10M  profit=   687.5M  h=  68.1 up%= 42.8 fwd3= 0.77 fill=0.042
  stock_corridor_v8n           p/h=   7.60M  profit=   509.1M  h=  67.0 up%=  2.2 fwd3= 0.29 fill=0.024
  stock_corridor_v8af          p/h=   2.94M  profit=     6.9M  h=   2.4 up%=  2.9 fwd3=-0.01 fill=0.087
  stock_corridor_v8ae          p/h=   0.91M  profit=    16.8M  h=  18.5 up%=  2.0 fwd3=-0.01 fill=0.149

[2] Load FOCUS panel + market proxy
  raw cycles: 52325
  with market ratio: 52297/52325
  avg nacenka: {'штаны-1.21': 300000, 'ботинки-1.21': 300000, 'шлем-1.21': 300000, 'нагрудник-1.21': 300000, 'фарм-1.21': 300000, 'sword7-1.21': 300000, 'pochti-megasword-1.21': 300000, 'megasword-1.21': 400000, 'кирка-эфф7-1.21': 400000, 'кирка-бульд-маг-1.21': 300000}

[3] Hypothesis: inventory DOWN predictive value
{
  "over": {
    "n": 3694,
    "mean_fwd3_m": 10.75,
    "median_fwd3_m": 8.53
  },
  "band": {
    "n": 503,
    "mean_fwd3_m": 10.18,
    "median_fwd3_m": 9.06
  },
  "dump": {
    "n": 694,
    "mean_fwd3_m": 12.26,
    "median_fwd3_m": 9.55
  },
  "empty": {
    "n": 156,
    "mean_fwd3_m": 0.06,
    "median_fwd3_m": 0.0
  },
  "under": {
    "n": 41,
    "mean_fwd3_m": 3.46,
    "median_fwd3_m": 3.03
  }
}

[4] Hypothesis: empty streak → UP vs HOLD fwd
{
  "streak>=2": {
    "up_n": 987,
    "hold_n": 6639,
    "up_fwd3_m": -0.26,
    "hold_fwd3_m": -0.05,
    "delta_up_minus_hold_m": -0.21
  },
  "streak>=3": {
    "up_n": 886,
    "hold_n": 5946,
    "up_fwd3_m": -0.2,
    "hold_fwd3_m": -0.06,
    "delta_up_minus_hold_m": -0.14
  },
  "streak>=4": {
    "up_n": 769,
    "hold_n": 5531,
    "up_fwd3_m": -0.22,
    "hold_fwd3_m": -0.06,
    "delta_up_minus_hold_m": -0.15
  },
  "streak>=6": {
    "up_n": 668,
    "hold_n": 4907,
    "up_fwd3_m": -0.23,
    "hold_fwd3_m": -0.06,
    "delta_up_minus_hold_m": -0.17
  },
  "streak>=8": {
    "up_n": 607,
    "hold_n": 4481,
    "up_fwd3_m": -0.23,
    "hold_fwd3_m": -0.06,
    "delta_up_minus_hold_m": -0.18
  }
}

[5] Empty streak × ratio bucket
{
  "95_105": {
    "n": 714,
    "mean_fwd3_m": 0.04
  },
  "gt120": {
    "n": 2659,
    "mean_fwd3_m": -0.13
  },
  "105_120": {
    "n": 515,
    "mean_fwd3_m": -0.29
  },
  "70_85": {
    "n": 460,
    "mean_fwd3_m": 0.13
  },
  "85_95": {
    "n": 526,
    "mean_fwd3_m": 0.01
  },
  "lt70": {
    "n": 2090,
    "mean_fwd3_m": -0.07
  }
}

[6] Fit demand + walk-forward mass search
  cut=2026-08-17T21:38:09Z train=29165 test=23160

[6b] Logged profit on TEST window (observational)
  all logged: {'profit_m': 18627.2, 'cycles': 23160, 'ppc_m': 0.804, 'ups': 4161, 'downs': 1808}
  stock_corridor_v8b: {'profit_m': 14516.8, 'cycles': 14220, 'ppc_m': 1.021, 'ups': 2636, 'downs': 1104}

[7] Mass candidate search (train fit → test eval)
  candidates: 94
  TOP 15 by test profit:
    hold                 {} test=18222.1M ppc=0.787 under=0.368 up=0 dn=0
    inv_p10_guard        {'streak_need': 2, 'gap': 0.7} test=17718.7M ppc=0.765 under=0.202 up=129 dn=70
    inv_p10_guard        {'streak_need': 3, 'gap': 0.7} test=17718.7M ppc=0.765 under=0.202 up=129 dn=70
    inv_p10_guard        {'streak_need': 4, 'gap': 0.7} test=17718.7M ppc=0.765 under=0.202 up=129 dn=70
    inv_p10_guard        {'streak_need': 5, 'gap': 0.7} test=17718.7M ppc=0.765 under=0.202 up=129 dn=70
    inv_p10_guard        {'streak_need': 6, 'gap': 0.7} test=17718.7M ppc=0.765 under=0.202 up=129 dn=70
    inv_p10_guard        {'streak_need': 8, 'gap': 0.7} test=17718.7M ppc=0.765 under=0.202 up=129 dn=70
    inv_p10_guard        {'streak_need': 3, 'gap': 0.8} test=17035.0M ppc=0.736 under=0.18 up=132 dn=73
    inv_p10_guard        {'streak_need': 3, 'gap': 0.85} test=17035.0M ppc=0.736 under=0.18 up=132 dn=73
    v9_core              {'streak_need': 3, 'gap': 0.8, 'min_sales_up': 3, 'down_block_ratio': 0.9} test=17035.0M ppc=0.736 under=0.18 up=132 dn=73
    v9_core              {'streak_need': 3, 'gap': 0.85, 'min_sales_up': 3, 'down_block_ratio': 0.9} test=17035.0M ppc=0.736 under=0.18 up=132 dn=73
    inv_p10_guard        {'streak_need': 4, 'gap': 0.8} test=17034.7M ppc=0.736 under=0.18 up=132 dn=73
    inv_p10_guard        {'streak_need': 4, 'gap': 0.85} test=17034.7M ppc=0.736 under=0.18 up=132 dn=73
    v9_core              {'streak_need': 4, 'gap': 0.8, 'min_sales_up': 3, 'down_block_ratio': 0.9} test=17034.7M ppc=0.736 under=0.18 up=132 dn=73
    v9_core              {'streak_need': 4, 'gap': 0.85, 'min_sales_up': 3, 'down_block_ratio': 0.9} test=17034.7M ppc=0.736 under=0.18 up=132 dn=73

[8] Ablation
[
  {
    "label": "A_inv_only",
    "name": "classic_inv",
    "params": {
      "min_sales_up": 4
    },
    "test_profit_m": 16267.4,
    "test_ppc_m": 0.702,
    "under": 0.219,
    "over": 0.614,
    "ups": 596,
    "downs": 814
  },
  {
    "label": "B_inv_no_down_under",
    "name": "inv_no_down_under",
    "params": {},
    "test_profit_m": 16319.8,
    "test_ppc_m": 0.705,
    "under": 0.211,
    "over": 0.649,
    "ups": 609,
    "downs": 817
  },
  {
    "label": "C_inv_empty3",
    "name": "empty_streak",
    "params": {
      "streak_need": 3,
      "gap": 0.85
    },
    "test_profit_m": 16336.9,
    "test_ppc_m": 0.705,
    "under": 0.206,
    "over": 0.652,
    "ups": 609,
    "downs": 817
  },
  {
    "label": "D_inv_p10guard",
    "name": "inv_p10_guard",
    "params": {
      "streak_need": 2,
      "gap": 0.8
    },
    "test_profit_m": 16971.8,
    "test_ppc_m": 0.733,
    "under": 0.179,
    "over": 0.546,
    "ups": 132,
    "downs": 73
  },
  {
    "label": "E_v9_core",
    "name": "v9_core",
    "params": {
      "streak_need": 3,
      "gap": 0.8,
      "min_sales_up": 3,
      "down_block_ratio": 0.9
    },
    "test_profit_m": 17035.0,
    "test_ppc_m": 0.736,
    "under": 0.18,
    "over": 0.546,
    "ups": 132,
    "downs": 73
  },
  {
    "label": "F_hold",
    "name": "hold",
    "params": {},
    "test_profit_m": 18222.1,
    "test_ppc_m": 0.787,
    "under": 0.368,
    "over": 0.106,
    "ups": 0,
    "downs": 0
  }
]

[9] Walk-forward best + v9_core + classic
best: [
  {
    "fold": 0,
    "cut": "2026-07-25T11:48:54Z",
    "end": "2026-08-05T08:31:38Z",
    "test_cycles": 11637,
    "cand_profit_m": 13845.6,
    "base_profit_m": 11563.1,
    "delta_m": 2282.5
  },
  {
    "fold": 1,
    "cut": "2026-08-05T08:31:38Z",
    "end": "2026-08-22T20:22:02Z",
    "test_cycles": 11392,
    "cand_profit_m": 10158.2,
    "base_profit_m": 10393.6,
    "delta_m": -235.5
  },
  {
    "fold": 2,
    "cut": "2026-08-22T20:22:02Z",
    "end": "2026-09-14T08:49:11Z",
    "test_cycles": 18447,
    "cand_profit_m": 13660.8,
    "base_profit_m": 12703.4,
    "delta_m": 957.5
  }
]
v9_core: [
  {
    "fold": 0,
    "cut": "2026-07-25T11:48:54Z",
    "end": "2026-08-05T08:31:38Z",
    "test_cycles": 11637,
    "cand_profit_m": 13514.8,
    "base_profit_m": 11563.1,
    "delta_m": 1951.7
  },
  {
    "fold": 1,
    "cut": "2026-08-05T08:31:38Z",
    "end": "2026-08-22T20:22:02Z",
    "test_cycles": 11392,
    "cand_profit_m": 11008.3,
    "base_profit_m": 10393.6,
    "delta_m": 614.7
  },
  {
    "fold": 2,
    "cut": "2026-08-22T20:22:02Z",
    "end": "2026-09-14T08:49:11Z",
    "test_cycles": 18447,
    "cand_profit_m": 13187.7,
    "base_profit_m": 12703.4,
    "delta_m": 484.3
  }
]
classic4: [
  {
    "fold": 0,
    "cut": "2026-07-25T11:48:54Z",
    "end": "2026-08-05T08:31:38Z",
    "test_cycles": 11637,
    "cand_profit_m": 11446.6,
    "base_profit_m": 11563.1,
    "delta_m": -116.5
  },
  {
    "fold": 1,
    "cut": "2026-08-05T08:31:38Z",
    "end": "2026-08-22T20:22:02Z",
    "test_cycles": 11392,
    "cand_profit_m": 10646.7,
    "base_profit_m": 10393.6,
    "delta_m": 253.1
  },
  {
    "fold": 2,
    "cut": "2026-08-22T20:22:02Z",
    "end": "2026-09-14T08:49:11Z",
    "test_cycles": 18447,
    "cand_profit_m": 12166.9,
    "base_profit_m": 12703.4,
    "delta_m": -536.5
  }
]
p10guard: [
  {
    "fold": 0,
    "cut": "2026-07-25T11:48:54Z",
    "end": "2026-08-05T08:31:38Z",
    "test_cycles": 11637,
    "cand_profit_m": 13514.8,
    "base_profit_m": 11563.1,
    "delta_m": 1951.7
  },
  {
    "fold": 1,
    "cut": "2026-08-05T08:31:38Z",
    "end": "2026-08-22T20:22:02Z",
    "test_cycles": 11392,
    "cand_profit_m": 11008.3,
    "base_profit_m": 10393.6,
    "delta_m": 614.7
  },
  {
    "fold": 2,
    "cut": "2026-08-22T20:22:02Z",
    "end": "2026-09-14T08:49:11Z",
    "test_cycles": 18447,
    "cand_profit_m": 13121.2,
    "base_profit_m": 12703.4,
    "delta_m": 417.9
  }
]

Wrote /tmp/v9_research_results.json
=== DONE ===
